// Jest Snapshot v1, https://goo.gl/fbAQLP

exports[`<Contact /> should render correctly with props 1`] = `
<h5>
  Contact
</h5>
`;
