// Jest Snapshot v1, https://goo.gl/fbAQLP

exports[`<SleepArrangements /> should render correctly with props 1`] = `
<h5>
  SleepArrangements
</h5>
`;
